------------------------------------------------------------
Timing Analyzer Summary
------------------------------------------------------------

Type  : Slow 1100mV 85C Model Setup 'clk'
Slack : -4.596
TNS   : -3607.984

Type  : Slow 1100mV 85C Model Hold 'clk'
Slack : 0.260
TNS   : 0.000

Type  : Slow 1100mV 85C Model Recovery 'clk'
Slack : -0.221
TNS   : -3.605

Type  : Slow 1100mV 85C Model Removal 'clk'
Slack : 0.651
TNS   : 0.000

Type  : Slow 1100mV 85C Model Minimum Pulse Width 'clk'
Slack : -2.636
TNS   : -3510.272

Type  : Slow 1100mV 0C Model Setup 'clk'
Slack : -4.722
TNS   : -3492.313

Type  : Slow 1100mV 0C Model Hold 'clk'
Slack : 0.248
TNS   : 0.000

Type  : Slow 1100mV 0C Model Recovery 'clk'
Slack : -0.168
TNS   : -2.566

Type  : Slow 1100mV 0C Model Removal 'clk'
Slack : 0.620
TNS   : 0.000

Type  : Slow 1100mV 0C Model Minimum Pulse Width 'clk'
Slack : -2.636
TNS   : -3523.099

Type  : Fast 1100mV 85C Model Setup 'clk'
Slack : -1.894
TNS   : -1154.273

Type  : Fast 1100mV 85C Model Hold 'clk'
Slack : 0.137
TNS   : 0.000

Type  : Fast 1100mV 85C Model Recovery 'clk'
Slack : 0.453
TNS   : 0.000

Type  : Fast 1100mV 85C Model Removal 'clk'
Slack : 0.295
TNS   : 0.000

Type  : Fast 1100mV 85C Model Minimum Pulse Width 'clk'
Slack : -2.174
TNS   : -2280.443

Type  : Fast 1100mV 0C Model Setup 'clk'
Slack : -1.746
TNS   : -913.918

Type  : Fast 1100mV 0C Model Hold 'clk'
Slack : 0.125
TNS   : 0.000

Type  : Fast 1100mV 0C Model Recovery 'clk'
Slack : 0.492
TNS   : 0.000

Type  : Fast 1100mV 0C Model Removal 'clk'
Slack : 0.270
TNS   : 0.000

Type  : Fast 1100mV 0C Model Minimum Pulse Width 'clk'
Slack : -2.174
TNS   : -2282.922

------------------------------------------------------------
