------------------------------------------------------------
Timing Analyzer Summary
------------------------------------------------------------

Type  : Slow 1100mV 85C Model Setup 'clock'
Slack : 4.038
TNS   : 0.000

Type  : Slow 1100mV 85C Model Hold 'clock'
Slack : 0.248
TNS   : 0.000

Type  : Slow 1100mV 85C Model Recovery 'clock'
Slack : 8.425
TNS   : 0.000

Type  : Slow 1100mV 85C Model Removal 'clock'
Slack : 0.690
TNS   : 0.000

Type  : Slow 1100mV 85C Model Minimum Pulse Width 'clock'
Slack : 3.684
TNS   : 0.000

Type  : Slow 1100mV 0C Model Setup 'clock'
Slack : 4.001
TNS   : 0.000

Type  : Slow 1100mV 0C Model Hold 'clock'
Slack : 0.241
TNS   : 0.000

Type  : Slow 1100mV 0C Model Recovery 'clock'
Slack : 8.508
TNS   : 0.000

Type  : Slow 1100mV 0C Model Removal 'clock'
Slack : 0.658
TNS   : 0.000

Type  : Slow 1100mV 0C Model Minimum Pulse Width 'clock'
Slack : 3.609
TNS   : 0.000

Type  : Fast 1100mV 85C Model Setup 'clock'
Slack : 6.900
TNS   : 0.000

Type  : Fast 1100mV 85C Model Hold 'clock'
Slack : 0.130
TNS   : 0.000

Type  : Fast 1100mV 85C Model Recovery 'clock'
Slack : 9.197
TNS   : 0.000

Type  : Fast 1100mV 85C Model Removal 'clock'
Slack : 0.317
TNS   : 0.000

Type  : Fast 1100mV 85C Model Minimum Pulse Width 'clock'
Slack : 3.785
TNS   : 0.000

Type  : Fast 1100mV 0C Model Setup 'clock'
Slack : 7.073
TNS   : 0.000

Type  : Fast 1100mV 0C Model Hold 'clock'
Slack : 0.117
TNS   : 0.000

Type  : Fast 1100mV 0C Model Recovery 'clock'
Slack : 9.270
TNS   : 0.000

Type  : Fast 1100mV 0C Model Removal 'clock'
Slack : 0.289
TNS   : 0.000

Type  : Fast 1100mV 0C Model Minimum Pulse Width 'clock'
Slack : 3.775
TNS   : 0.000

------------------------------------------------------------
