------------------------------------------------------------
Timing Analyzer Summary
------------------------------------------------------------

Type  : Slow 1100mV 85C Model Setup 'clk'
Slack : -2.721
TNS   : -60.104

Type  : Slow 1100mV 85C Model Hold 'clk'
Slack : 0.268
TNS   : 0.000

Type  : Slow 1100mV 85C Model Recovery 'clk'
Slack : -0.211
TNS   : -3.418

Type  : Slow 1100mV 85C Model Removal 'clk'
Slack : 0.664
TNS   : 0.000

Type  : Slow 1100mV 85C Model Minimum Pulse Width 'clk'
Slack : -0.538
TNS   : -29.554

Type  : Slow 1100mV 0C Model Setup 'clk'
Slack : -2.705
TNS   : -60.649

Type  : Slow 1100mV 0C Model Hold 'clk'
Slack : 0.249
TNS   : 0.000

Type  : Slow 1100mV 0C Model Recovery 'clk'
Slack : -0.162
TNS   : -2.505

Type  : Slow 1100mV 0C Model Removal 'clk'
Slack : 0.632
TNS   : 0.000

Type  : Slow 1100mV 0C Model Minimum Pulse Width 'clk'
Slack : -0.538
TNS   : -30.178

Type  : Fast 1100mV 85C Model Setup 'clk'
Slack : -0.647
TNS   : -12.274

Type  : Fast 1100mV 85C Model Hold 'clk'
Slack : 0.134
TNS   : 0.000

Type  : Fast 1100mV 85C Model Recovery 'clk'
Slack : 0.452
TNS   : 0.000

Type  : Fast 1100mV 85C Model Removal 'clk'
Slack : 0.302
TNS   : 0.000

Type  : Fast 1100mV 85C Model Minimum Pulse Width 'clk'
Slack : -0.094
TNS   : -3.395

Type  : Fast 1100mV 0C Model Setup 'clk'
Slack : -0.533
TNS   : -9.400

Type  : Fast 1100mV 0C Model Hold 'clk'
Slack : 0.120
TNS   : 0.000

Type  : Fast 1100mV 0C Model Recovery 'clk'
Slack : 0.488
TNS   : 0.000

Type  : Fast 1100mV 0C Model Removal 'clk'
Slack : 0.273
TNS   : 0.000

Type  : Fast 1100mV 0C Model Minimum Pulse Width 'clk'
Slack : -0.094
TNS   : -3.466

------------------------------------------------------------
