Analysis & Synthesis report for turbo_encoder
Wed Mar 06 19:40:49 2019
Quartus Prime Version 18.1.0 Build 625 09/12/2018 SJ Lite Edition


---------------------
; Table of Contents ;
---------------------
  1. Legal Notice
  2. Analysis & Synthesis Summary
  3. Analysis & Synthesis Settings
  4. Parallel Compilation
  5. Analysis & Synthesis Source Files Read
  6. Analysis & Synthesis Resource Usage Summary
  7. Analysis & Synthesis Resource Utilization by Entity
  8. Registers Removed During Synthesis
  9. General Register Statistics
 10. Multiplexer Restructuring Statistics (Restructuring Performed)
 11. Parameter Settings for User Entity Instance: trellisterm:termination|trellshift:shiftd0|lpm_shiftreg:LPM_SHIFTREG_component
 12. Parameter Settings for User Entity Instance: trellisterm:termination|trellshift:shiftd1|lpm_shiftreg:LPM_SHIFTREG_component
 13. Parameter Settings for User Entity Instance: trellisterm:termination|trellshift:shiftd2|lpm_shiftreg:LPM_SHIFTREG_component
 14. Parameter Settings for User Entity Instance: fsm:control
 15. lpm_shiftreg Parameter Settings by Entity Instance
 16. Port Connectivity Checks: "fsm:control"
 17. Port Connectivity Checks: "trellisterm:termination|trellshift:shiftd2"
 18. Port Connectivity Checks: "trellisterm:termination|trellshift:shiftd1"
 19. Port Connectivity Checks: "trellisterm:termination|trellshift:shiftd0"
 20. Port Connectivity Checks: "encoder:encoder2"
 21. Post-Synthesis Netlist Statistics for Top Partition
 22. Elapsed Time Per Partition
 23. Analysis & Synthesis Messages
 24. Analysis & Synthesis Suppressed Messages



----------------
; Legal Notice ;
----------------
Copyright (C) 2018  Intel Corporation. All rights reserved.
Your use of Intel Corporation's design tools, logic functions 
and other software and tools, and its AMPP partner logic 
functions, and any output files from any of the foregoing 
(including device programming or simulation files), and any 
associated documentation or information are expressly subject 
to the terms and conditions of the Intel Program License 
Subscription Agreement, the Intel Quartus Prime License Agreement,
the Intel FPGA IP License Agreement, or other applicable license
agreement, including, without limitation, that your use is for
the sole purpose of programming logic devices manufactured by
Intel and sold by Intel or its authorized distributors.  Please
refer to the applicable agreement for further details.



+-------------------------------------------------------------------------------+
; Analysis & Synthesis Summary                                                  ;
+---------------------------------+---------------------------------------------+
; Analysis & Synthesis Status     ; Successful - Wed Mar 06 19:40:49 2019       ;
; Quartus Prime Version           ; 18.1.0 Build 625 09/12/2018 SJ Lite Edition ;
; Revision Name                   ; turbo_encoder                               ;
; Top-level Entity Name           ; turbo_encoder                               ;
; Family                          ; Cyclone V                                   ;
; Logic utilization (in ALMs)     ; N/A                                         ;
; Total registers                 ; 38                                          ;
; Total pins                      ; 11                                          ;
; Total virtual pins              ; 0                                           ;
; Total block memory bits         ; 0                                           ;
; Total DSP Blocks                ; 0                                           ;
; Total HSSI RX PCSs              ; 0                                           ;
; Total HSSI PMA RX Deserializers ; 0                                           ;
; Total HSSI TX PCSs              ; 0                                           ;
; Total HSSI PMA TX Serializers   ; 0                                           ;
; Total PLLs                      ; 0                                           ;
; Total DLLs                      ; 0                                           ;
+---------------------------------+---------------------------------------------+


+---------------------------------------------------------------------------------------------------------------------------+
; Analysis & Synthesis Settings                                                                                             ;
+---------------------------------------------------------------------------------+--------------------+--------------------+
; Option                                                                          ; Setting            ; Default Value      ;
+---------------------------------------------------------------------------------+--------------------+--------------------+
; Device                                                                          ; 5CEBA2F23C7        ;                    ;
; Top-level entity name                                                           ; turbo_encoder      ; turbo_encoder      ;
; Family name                                                                     ; Cyclone V          ; Cyclone V          ;
; Use smart compilation                                                           ; Off                ; Off                ;
; Enable parallel Assembler and Timing Analyzer during compilation                ; On                 ; On                 ;
; Enable compact report table                                                     ; Off                ; Off                ;
; Restructure Multiplexers                                                        ; Auto               ; Auto               ;
; MLAB Add Timing Constraints For Mixed-Port Feed-Through Mode Setting Don't Care ; Off                ; Off                ;
; Create Debugging Nodes for IP Cores                                             ; Off                ; Off                ;
; Preserve fewer node names                                                       ; On                 ; On                 ;
; Intel FPGA IP Evaluation Mode                                                   ; Enable             ; Enable             ;
; Verilog Version                                                                 ; Verilog_2001       ; Verilog_2001       ;
; VHDL Version                                                                    ; VHDL_1993          ; VHDL_1993          ;
; State Machine Processing                                                        ; Auto               ; Auto               ;
; Safe State Machine                                                              ; Off                ; Off                ;
; Extract Verilog State Machines                                                  ; On                 ; On                 ;
; Extract VHDL State Machines                                                     ; On                 ; On                 ;
; Ignore Verilog initial constructs                                               ; Off                ; Off                ;
; Iteration limit for constant Verilog loops                                      ; 5000               ; 5000               ;
; Iteration limit for non-constant Verilog loops                                  ; 250                ; 250                ;
; Add Pass-Through Logic to Inferred RAMs                                         ; On                 ; On                 ;
; Infer RAMs from Raw Logic                                                       ; On                 ; On                 ;
; Parallel Synthesis                                                              ; On                 ; On                 ;
; DSP Block Balancing                                                             ; Auto               ; Auto               ;
; NOT Gate Push-Back                                                              ; On                 ; On                 ;
; Power-Up Don't Care                                                             ; On                 ; On                 ;
; Remove Redundant Logic Cells                                                    ; Off                ; Off                ;
; Remove Duplicate Registers                                                      ; On                 ; On                 ;
; Ignore CARRY Buffers                                                            ; Off                ; Off                ;
; Ignore CASCADE Buffers                                                          ; Off                ; Off                ;
; Ignore GLOBAL Buffers                                                           ; Off                ; Off                ;
; Ignore ROW GLOBAL Buffers                                                       ; Off                ; Off                ;
; Ignore LCELL Buffers                                                            ; Off                ; Off                ;
; Ignore SOFT Buffers                                                             ; On                 ; On                 ;
; Limit AHDL Integers to 32 Bits                                                  ; Off                ; Off                ;
; Optimization Technique                                                          ; Balanced           ; Balanced           ;
; Carry Chain Length                                                              ; 70                 ; 70                 ;
; Auto Carry Chains                                                               ; On                 ; On                 ;
; Auto Open-Drain Pins                                                            ; On                 ; On                 ;
; Perform WYSIWYG Primitive Resynthesis                                           ; Off                ; Off                ;
; Auto ROM Replacement                                                            ; On                 ; On                 ;
; Auto RAM Replacement                                                            ; On                 ; On                 ;
; Auto DSP Block Replacement                                                      ; On                 ; On                 ;
; Auto Shift Register Replacement                                                 ; Auto               ; Auto               ;
; Allow Shift Register Merging across Hierarchies                                 ; Auto               ; Auto               ;
; Auto Clock Enable Replacement                                                   ; On                 ; On                 ;
; Strict RAM Replacement                                                          ; Off                ; Off                ;
; Allow Synchronous Control Signals                                               ; On                 ; On                 ;
; Force Use of Synchronous Clear Signals                                          ; Off                ; Off                ;
; Auto Resource Sharing                                                           ; Off                ; Off                ;
; Allow Any RAM Size For Recognition                                              ; Off                ; Off                ;
; Allow Any ROM Size For Recognition                                              ; Off                ; Off                ;
; Allow Any Shift Register Size For Recognition                                   ; Off                ; Off                ;
; Use LogicLock Constraints during Resource Balancing                             ; On                 ; On                 ;
; Ignore translate_off and synthesis_off directives                               ; Off                ; Off                ;
; Timing-Driven Synthesis                                                         ; On                 ; On                 ;
; Report Parameter Settings                                                       ; On                 ; On                 ;
; Report Source Assignments                                                       ; On                 ; On                 ;
; Report Connectivity Checks                                                      ; On                 ; On                 ;
; Ignore Maximum Fan-Out Assignments                                              ; Off                ; Off                ;
; Synchronization Register Chain Length                                           ; 3                  ; 3                  ;
; Power Optimization During Synthesis                                             ; Normal compilation ; Normal compilation ;
; HDL message level                                                               ; Level2             ; Level2             ;
; Suppress Register Optimization Related Messages                                 ; Off                ; Off                ;
; Number of Removed Registers Reported in Synthesis Report                        ; 5000               ; 5000               ;
; Number of Swept Nodes Reported in Synthesis Report                              ; 5000               ; 5000               ;
; Number of Inverted Registers Reported in Synthesis Report                       ; 100                ; 100                ;
; Clock MUX Protection                                                            ; On                 ; On                 ;
; Auto Gated Clock Conversion                                                     ; Off                ; Off                ;
; Block Design Naming                                                             ; Auto               ; Auto               ;
; SDC constraint protection                                                       ; Off                ; Off                ;
; Synthesis Effort                                                                ; Auto               ; Auto               ;
; Shift Register Replacement - Allow Asynchronous Clear Signal                    ; On                 ; On                 ;
; Pre-Mapping Resynthesis Optimization                                            ; Off                ; Off                ;
; Analysis & Synthesis Message Level                                              ; Medium             ; Medium             ;
; Disable Register Merging Across Hierarchies                                     ; Auto               ; Auto               ;
; Resource Aware Inference For Block RAM                                          ; On                 ; On                 ;
; Automatic Parallel Synthesis                                                    ; On                 ; On                 ;
; Partial Reconfiguration Bitstream ID                                            ; Off                ; Off                ;
+---------------------------------------------------------------------------------+--------------------+--------------------+


+------------------------------------------+
; Parallel Compilation                     ;
+----------------------------+-------------+
; Processors                 ; Number      ;
+----------------------------+-------------+
; Number detected on machine ; 2           ;
; Maximum allowed            ; 2           ;
;                            ;             ;
; Average used               ; 1.00        ;
; Maximum used               ; 2           ;
;                            ;             ;
; Usage by Processor         ; % Time Used ;
;     Processor 1            ; 100.0%      ;
;     Processor 2            ;   0.0%      ;
+----------------------------+-------------+


+----------------------------------------------------------------------------------------------------------------------------------------------------------------------------------+
; Analysis & Synthesis Source Files Read                                                                                                                                           ;
+----------------------------------+-----------------+-----------------------------+-------------------------------------------------------------------------------------+---------+
; File Name with User-Entered Path ; Used in Netlist ; File Type                   ; File Name with Absolute Path                                                        ; Library ;
+----------------------------------+-----------------+-----------------------------+-------------------------------------------------------------------------------------+---------+
; ../trellis/trellshift.v          ; yes             ; User Wizard-Generated File  ; C:/Users/eap42/Documents/ECE559/Project/turbo_encoder/trellis/trellshift.v          ;         ;
; ../trellis/trellisterm.v         ; yes             ; User Verilog HDL File       ; C:/Users/eap42/Documents/ECE559/Project/turbo_encoder/trellis/trellisterm.v         ;         ;
; ../fsm/fsm.v                     ; yes             ; User Verilog HDL File       ; C:/Users/eap42/Documents/ECE559/Project/turbo_encoder/fsm/fsm.v                     ;         ;
; ../encoder/encoder.v             ; yes             ; User Verilog HDL File       ; C:/Users/eap42/Documents/ECE559/Project/turbo_encoder/encoder/encoder.v             ;         ;
; ../encoder/dffe_ref.v            ; yes             ; User Verilog HDL File       ; C:/Users/eap42/Documents/ECE559/Project/turbo_encoder/encoder/dffe_ref.v            ;         ;
; turbo_encoder.v                  ; yes             ; User Verilog HDL File       ; C:/Users/eap42/Documents/ECE559/Project/turbo_encoder/turbo_encoder/turbo_encoder.v ;         ;
; lpm_shiftreg.tdf                 ; yes             ; Megafunction                ; c:/intelfpga_lite/18.1/quartus/libraries/megafunctions/lpm_shiftreg.tdf             ;         ;
; lpm_constant.inc                 ; yes             ; Megafunction                ; c:/intelfpga_lite/18.1/quartus/libraries/megafunctions/lpm_constant.inc             ;         ;
; dffeea.inc                       ; yes             ; Megafunction                ; c:/intelfpga_lite/18.1/quartus/libraries/megafunctions/dffeea.inc                   ;         ;
; aglobal181.inc                   ; yes             ; Megafunction                ; c:/intelfpga_lite/18.1/quartus/libraries/megafunctions/aglobal181.inc               ;         ;
+----------------------------------+-----------------+-----------------------------+-------------------------------------------------------------------------------------+---------+


+---------------------------------------------------------+
; Analysis & Synthesis Resource Usage Summary             ;
+---------------------------------------------+-----------+
; Resource                                    ; Usage     ;
+---------------------------------------------+-----------+
; Estimate of Logic utilization (ALMs needed) ; 32        ;
;                                             ;           ;
; Combinational ALUT usage for logic          ; 50        ;
;     -- 7 input functions                    ; 3         ;
;     -- 6 input functions                    ; 9         ;
;     -- 5 input functions                    ; 5         ;
;     -- 4 input functions                    ; 11        ;
;     -- <=3 input functions                  ; 22        ;
;                                             ;           ;
; Dedicated logic registers                   ; 38        ;
;                                             ;           ;
; I/O pins                                    ; 11        ;
;                                             ;           ;
; Total DSP Blocks                            ; 0         ;
;                                             ;           ;
; Maximum fan-out node                        ; clk~input ;
; Maximum fan-out                             ; 38        ;
; Total fan-out                               ; 335       ;
; Average fan-out                             ; 3.05      ;
+---------------------------------------------+-----------+


+----------------------------------------------------------------------------------------------------------------------------------------------------------------------------------------------------------------------------------------------------------------------------------------+
; Analysis & Synthesis Resource Utilization by Entity                                                                                                                                                                                                                                    ;
+------------------------------------------------+---------------------+---------------------------+-------------------+------------+------+--------------+-----------------------------------------------------------------------------------------------+---------------+--------------+
; Compilation Hierarchy Node                     ; Combinational ALUTs ; Dedicated Logic Registers ; Block Memory Bits ; DSP Blocks ; Pins ; Virtual Pins ; Full Hierarchy Name                                                                           ; Entity Name   ; Library Name ;
+------------------------------------------------+---------------------+---------------------------+-------------------+------------+------+--------------+-----------------------------------------------------------------------------------------------+---------------+--------------+
; |turbo_encoder                                 ; 50 (3)              ; 38 (0)                    ; 0                 ; 0          ; 11   ; 0            ; |turbo_encoder                                                                                ; turbo_encoder ; work         ;
;    |encoder:encoder1|                          ; 1 (1)               ; 3 (0)                     ; 0                 ; 0          ; 0    ; 0            ; |turbo_encoder|encoder:encoder1                                                               ; encoder       ; work         ;
;       |dffe_ref:D0|                            ; 0 (0)               ; 1 (1)                     ; 0                 ; 0          ; 0    ; 0            ; |turbo_encoder|encoder:encoder1|dffe_ref:D0                                                   ; dffe_ref      ; work         ;
;       |dffe_ref:D1|                            ; 0 (0)               ; 1 (1)                     ; 0                 ; 0          ; 0    ; 0            ; |turbo_encoder|encoder:encoder1|dffe_ref:D1                                                   ; dffe_ref      ; work         ;
;       |dffe_ref:D2|                            ; 0 (0)               ; 1 (1)                     ; 0                 ; 0          ; 0    ; 0            ; |turbo_encoder|encoder:encoder1|dffe_ref:D2                                                   ; dffe_ref      ; work         ;
;    |encoder:encoder2|                          ; 1 (1)               ; 3 (0)                     ; 0                 ; 0          ; 0    ; 0            ; |turbo_encoder|encoder:encoder2                                                               ; encoder       ; work         ;
;       |dffe_ref:D0|                            ; 0 (0)               ; 1 (1)                     ; 0                 ; 0          ; 0    ; 0            ; |turbo_encoder|encoder:encoder2|dffe_ref:D0                                                   ; dffe_ref      ; work         ;
;       |dffe_ref:D1|                            ; 0 (0)               ; 1 (1)                     ; 0                 ; 0          ; 0    ; 0            ; |turbo_encoder|encoder:encoder2|dffe_ref:D1                                                   ; dffe_ref      ; work         ;
;       |dffe_ref:D2|                            ; 0 (0)               ; 1 (1)                     ; 0                 ; 0          ; 0    ; 0            ; |turbo_encoder|encoder:encoder2|dffe_ref:D2                                                   ; dffe_ref      ; work         ;
;    |fsm:control|                               ; 34 (34)             ; 21 (21)                   ; 0                 ; 0          ; 0    ; 0            ; |turbo_encoder|fsm:control                                                                    ; fsm           ; work         ;
;    |trellisterm:termination|                   ; 11 (0)              ; 11 (0)                    ; 0                 ; 0          ; 0    ; 0            ; |turbo_encoder|trellisterm:termination                                                        ; trellisterm   ; work         ;
;       |trellshift:shiftd0|                     ; 3 (0)               ; 3 (0)                     ; 0                 ; 0          ; 0    ; 0            ; |turbo_encoder|trellisterm:termination|trellshift:shiftd0                                     ; trellshift    ; work         ;
;          |lpm_shiftreg:LPM_SHIFTREG_component| ; 3 (3)               ; 3 (3)                     ; 0                 ; 0          ; 0    ; 0            ; |turbo_encoder|trellisterm:termination|trellshift:shiftd0|lpm_shiftreg:LPM_SHIFTREG_component ; lpm_shiftreg  ; work         ;
;       |trellshift:shiftd1|                     ; 4 (0)               ; 4 (0)                     ; 0                 ; 0          ; 0    ; 0            ; |turbo_encoder|trellisterm:termination|trellshift:shiftd1                                     ; trellshift    ; work         ;
;          |lpm_shiftreg:LPM_SHIFTREG_component| ; 4 (4)               ; 4 (4)                     ; 0                 ; 0          ; 0    ; 0            ; |turbo_encoder|trellisterm:termination|trellshift:shiftd1|lpm_shiftreg:LPM_SHIFTREG_component ; lpm_shiftreg  ; work         ;
;       |trellshift:shiftd2|                     ; 4 (0)               ; 4 (0)                     ; 0                 ; 0          ; 0    ; 0            ; |turbo_encoder|trellisterm:termination|trellshift:shiftd2                                     ; trellshift    ; work         ;
;          |lpm_shiftreg:LPM_SHIFTREG_component| ; 4 (4)               ; 4 (4)                     ; 0                 ; 0          ; 0    ; 0            ; |turbo_encoder|trellisterm:termination|trellshift:shiftd2|lpm_shiftreg:LPM_SHIFTREG_component ; lpm_shiftreg  ; work         ;
+------------------------------------------------+---------------------+---------------------------+-------------------+------------+------+--------------+-----------------------------------------------------------------------------------------------+---------------+--------------+
Note: For table entries with two numbers listed, the numbers in parentheses indicate the number of resources of the given type used by the specific entity alone. The numbers listed outside of parentheses indicate the total resources of the given type used by the specific entity and all of its sub-entities in the hierarchy.


+---------------------------------------------------------------------------------------------------------------------------------------------------------------------------------------------+
; Registers Removed During Synthesis                                                                                                                                                          ;
+----------------------------------------------------------------------------------------+----------------------------------------------------------------------------------------------------+
; Register name                                                                          ; Reason for Removal                                                                                 ;
+----------------------------------------------------------------------------------------+----------------------------------------------------------------------------------------------------+
; trellisterm:termination|trellshift:shiftd0|lpm_shiftreg:LPM_SHIFTREG_component|dffs[3] ; Merged with trellisterm:termination|trellshift:shiftd2|lpm_shiftreg:LPM_SHIFTREG_component|dffs[3] ;
; fsm:control|current_state[2]                                                           ; Stuck at GND due to stuck port data_in                                                             ;
; Total Number of Removed Registers = 2                                                  ;                                                                                                    ;
+----------------------------------------------------------------------------------------+----------------------------------------------------------------------------------------------------+


+------------------------------------------------------+
; General Register Statistics                          ;
+----------------------------------------------+-------+
; Statistic                                    ; Value ;
+----------------------------------------------+-------+
; Total registers                              ; 38    ;
; Number of registers using Synchronous Clear  ; 15    ;
; Number of registers using Synchronous Load   ; 0     ;
; Number of registers using Asynchronous Clear ; 17    ;
; Number of registers using Asynchronous Load  ; 0     ;
; Number of registers using Clock Enable       ; 21    ;
; Number of registers using Preset             ; 0     ;
+----------------------------------------------+-------+


+------------------------------------------------------------------------------------------------------------------------------------------------------------+
; Multiplexer Restructuring Statistics (Restructuring Performed)                                                                                             ;
+--------------------+-----------+---------------+----------------------+------------------------+------------+----------------------------------------------+
; Multiplexer Inputs ; Bus Width ; Baseline Area ; Area if Restructured ; Saving if Restructured ; Registered ; Example Multiplexer Output                   ;
+--------------------+-----------+---------------+----------------------+------------------------+------------+----------------------------------------------+
; 12:1               ; 3 bits    ; 24 LEs        ; 18 LEs               ; 6 LEs                  ; Yes        ; |turbo_encoder|fsm:control|current_state[1]  ;
; 12:1               ; 14 bits   ; 112 LEs       ; 0 LEs                ; 112 LEs                ; Yes        ; |turbo_encoder|fsm:control|length_counter[7] ;
+--------------------+-----------+---------------+----------------------+------------------------+------------+----------------------------------------------+


+-----------------------------------------------------------------------------------------------------------------------------+
; Parameter Settings for User Entity Instance: trellisterm:termination|trellshift:shiftd0|lpm_shiftreg:LPM_SHIFTREG_component ;
+------------------------+-----------+----------------------------------------------------------------------------------------+
; Parameter Name         ; Value     ; Type                                                                                   ;
+------------------------+-----------+----------------------------------------------------------------------------------------+
; LPM_WIDTH              ; 4         ; Signed Integer                                                                         ;
; LPM_DIRECTION          ; RIGHT     ; Untyped                                                                                ;
; LPM_AVALUE             ; UNUSED    ; Untyped                                                                                ;
; LPM_SVALUE             ; UNUSED    ; Untyped                                                                                ;
; DEVICE_FAMILY          ; Cyclone V ; Untyped                                                                                ;
; AUTO_CARRY_CHAINS      ; ON        ; AUTO_CARRY                                                                             ;
; IGNORE_CARRY_BUFFERS   ; OFF       ; IGNORE_CARRY                                                                           ;
; AUTO_CASCADE_CHAINS    ; ON        ; AUTO_CASCADE                                                                           ;
; IGNORE_CASCADE_BUFFERS ; OFF       ; IGNORE_CASCADE                                                                         ;
+------------------------+-----------+----------------------------------------------------------------------------------------+
Note: In order to hide this table in the UI and the text report file, please set the "Show Parameter Settings in Synthesis Report" option in "Analysis and Synthesis Settings -> More Settings" to "Off".


+-----------------------------------------------------------------------------------------------------------------------------+
; Parameter Settings for User Entity Instance: trellisterm:termination|trellshift:shiftd1|lpm_shiftreg:LPM_SHIFTREG_component ;
+------------------------+-----------+----------------------------------------------------------------------------------------+
; Parameter Name         ; Value     ; Type                                                                                   ;
+------------------------+-----------+----------------------------------------------------------------------------------------+
; LPM_WIDTH              ; 4         ; Signed Integer                                                                         ;
; LPM_DIRECTION          ; RIGHT     ; Untyped                                                                                ;
; LPM_AVALUE             ; UNUSED    ; Untyped                                                                                ;
; LPM_SVALUE             ; UNUSED    ; Untyped                                                                                ;
; DEVICE_FAMILY          ; Cyclone V ; Untyped                                                                                ;
; AUTO_CARRY_CHAINS      ; ON        ; AUTO_CARRY                                                                             ;
; IGNORE_CARRY_BUFFERS   ; OFF       ; IGNORE_CARRY                                                                           ;
; AUTO_CASCADE_CHAINS    ; ON        ; AUTO_CASCADE                                                                           ;
; IGNORE_CASCADE_BUFFERS ; OFF       ; IGNORE_CASCADE                                                                         ;
+------------------------+-----------+----------------------------------------------------------------------------------------+
Note: In order to hide this table in the UI and the text report file, please set the "Show Parameter Settings in Synthesis Report" option in "Analysis and Synthesis Settings -> More Settings" to "Off".


+-----------------------------------------------------------------------------------------------------------------------------+
; Parameter Settings for User Entity Instance: trellisterm:termination|trellshift:shiftd2|lpm_shiftreg:LPM_SHIFTREG_component ;
+------------------------+-----------+----------------------------------------------------------------------------------------+
; Parameter Name         ; Value     ; Type                                                                                   ;
+------------------------+-----------+----------------------------------------------------------------------------------------+
; LPM_WIDTH              ; 4         ; Signed Integer                                                                         ;
; LPM_DIRECTION          ; RIGHT     ; Untyped                                                                                ;
; LPM_AVALUE             ; UNUSED    ; Untyped                                                                                ;
; LPM_SVALUE             ; UNUSED    ; Untyped                                                                                ;
; DEVICE_FAMILY          ; Cyclone V ; Untyped                                                                                ;
; AUTO_CARRY_CHAINS      ; ON        ; AUTO_CARRY                                                                             ;
; IGNORE_CARRY_BUFFERS   ; OFF       ; IGNORE_CARRY                                                                           ;
; AUTO_CASCADE_CHAINS    ; ON        ; AUTO_CASCADE                                                                           ;
; IGNORE_CASCADE_BUFFERS ; OFF       ; IGNORE_CASCADE                                                                         ;
+------------------------+-----------+----------------------------------------------------------------------------------------+
Note: In order to hide this table in the UI and the text report file, please set the "Show Parameter Settings in Synthesis Report" option in "Analysis and Synthesis Settings -> More Settings" to "Off".


+----------------------------------------------------------+
; Parameter Settings for User Entity Instance: fsm:control ;
+----------------+-------+---------------------------------+
; Parameter Name ; Value ; Type                            ;
+----------------+-------+---------------------------------+
; WAIT           ; 0     ; Signed Integer                  ;
; ENCODE         ; 3     ; Signed Integer                  ;
; TERMINATE      ; 2     ; Signed Integer                  ;
+----------------+-------+---------------------------------+
Note: In order to hide this table in the UI and the text report file, please set the "Show Parameter Settings in Synthesis Report" option in "Analysis and Synthesis Settings -> More Settings" to "Off".


+-------------------------------------------------------------------------------------------------------------+
; lpm_shiftreg Parameter Settings by Entity Instance                                                          ;
+----------------------------+--------------------------------------------------------------------------------+
; Name                       ; Value                                                                          ;
+----------------------------+--------------------------------------------------------------------------------+
; Number of entity instances ; 3                                                                              ;
; Entity Instance            ; trellisterm:termination|trellshift:shiftd0|lpm_shiftreg:LPM_SHIFTREG_component ;
;     -- LPM_WIDTH           ; 4                                                                              ;
;     -- LPM_DIRECTION       ; RIGHT                                                                          ;
; Entity Instance            ; trellisterm:termination|trellshift:shiftd1|lpm_shiftreg:LPM_SHIFTREG_component ;
;     -- LPM_WIDTH           ; 4                                                                              ;
;     -- LPM_DIRECTION       ; RIGHT                                                                          ;
; Entity Instance            ; trellisterm:termination|trellshift:shiftd2|lpm_shiftreg:LPM_SHIFTREG_component ;
;     -- LPM_WIDTH           ; 4                                                                              ;
;     -- LPM_DIRECTION       ; RIGHT                                                                          ;
+----------------------------+--------------------------------------------------------------------------------+


+----------------------------------------------------------------------------------------------------------------------------+
; Port Connectivity Checks: "fsm:control"                                                                                    ;
+------------------+--------+----------+-------------------------------------------------------------------------------------+
; Port             ; Type   ; Severity ; Details                                                                             ;
+------------------+--------+----------+-------------------------------------------------------------------------------------+
; current_state[2] ; Output ; Info     ; Connected to dangling logic. Logic that only feeds a dangling port will be removed. ;
+------------------+--------+----------+-------------------------------------------------------------------------------------+


+-------------------------------------------------------------------------------------------------------------------+
; Port Connectivity Checks: "trellisterm:termination|trellshift:shiftd2"                                            ;
+---------+--------+----------+-------------------------------------------------------------------------------------+
; Port    ; Type   ; Severity ; Details                                                                             ;
+---------+--------+----------+-------------------------------------------------------------------------------------+
; data[3] ; Input  ; Info     ; Stuck at GND                                                                        ;
; data[1] ; Input  ; Info     ; Stuck at GND                                                                        ;
; q[3..1] ; Output ; Info     ; Connected to dangling logic. Logic that only feeds a dangling port will be removed. ;
+---------+--------+----------+-------------------------------------------------------------------------------------+


+-------------------------------------------------------------------------------------------------------------------+
; Port Connectivity Checks: "trellisterm:termination|trellshift:shiftd1"                                            ;
+---------+--------+----------+-------------------------------------------------------------------------------------+
; Port    ; Type   ; Severity ; Details                                                                             ;
+---------+--------+----------+-------------------------------------------------------------------------------------+
; q[3..1] ; Output ; Info     ; Connected to dangling logic. Logic that only feeds a dangling port will be removed. ;
+---------+--------+----------+-------------------------------------------------------------------------------------+


+-------------------------------------------------------------------------------------------------------------------+
; Port Connectivity Checks: "trellisterm:termination|trellshift:shiftd0"                                            ;
+---------+--------+----------+-------------------------------------------------------------------------------------+
; Port    ; Type   ; Severity ; Details                                                                             ;
+---------+--------+----------+-------------------------------------------------------------------------------------+
; data[3] ; Input  ; Info     ; Stuck at GND                                                                        ;
; data[1] ; Input  ; Info     ; Stuck at GND                                                                        ;
; q[3..1] ; Output ; Info     ; Connected to dangling logic. Logic that only feeds a dangling port will be removed. ;
+---------+--------+----------+-------------------------------------------------------------------------------------+


+----------------------------------------------------------------------------------------------------------------+
; Port Connectivity Checks: "encoder:encoder2"                                                                   ;
+------+--------+----------+-------------------------------------------------------------------------------------+
; Port ; Type   ; Severity ; Details                                                                             ;
+------+--------+----------+-------------------------------------------------------------------------------------+
; top  ; Output ; Info     ; Connected to dangling logic. Logic that only feeds a dangling port will be removed. ;
+------+--------+----------+-------------------------------------------------------------------------------------+


+-----------------------------------------------------+
; Post-Synthesis Netlist Statistics for Top Partition ;
+-----------------------+-----------------------------+
; Type                  ; Count                       ;
+-----------------------+-----------------------------+
; arriav_ff             ; 38                          ;
;     CLR               ; 11                          ;
;     ENA CLR           ; 6                           ;
;     ENA SCLR          ; 15                          ;
;     plain             ; 6                           ;
; arriav_lcell_comb     ; 50                          ;
;     arith             ; 14                          ;
;         1 data inputs ; 14                          ;
;     extend            ; 3                           ;
;         7 data inputs ; 3                           ;
;     normal            ; 33                          ;
;         1 data inputs ; 1                           ;
;         2 data inputs ; 3                           ;
;         3 data inputs ; 4                           ;
;         4 data inputs ; 11                          ;
;         5 data inputs ; 5                           ;
;         6 data inputs ; 9                           ;
; boundary_port         ; 11                          ;
;                       ;                             ;
; Max LUT depth         ; 3.00                        ;
; Average LUT depth     ; 1.86                        ;
+-----------------------+-----------------------------+


+-------------------------------+
; Elapsed Time Per Partition    ;
+----------------+--------------+
; Partition Name ; Elapsed Time ;
+----------------+--------------+
; Top            ; 00:00:00     ;
+----------------+--------------+


+-------------------------------+
; Analysis & Synthesis Messages ;
+-------------------------------+
Info: *******************************************************************
Info: Running Quartus Prime Analysis & Synthesis
    Info: Version 18.1.0 Build 625 09/12/2018 SJ Lite Edition
    Info: Processing started: Wed Mar 06 19:40:32 2019
Info: Command: quartus_map --read_settings_files=on --write_settings_files=off turbo_encoder -c turbo_encoder
Warning (18236): Number of processors has not been specified which may cause overloading on shared machines.  Set the global assignment NUM_PARALLEL_PROCESSORS in your QSF to an appropriate value for best performance.
Info (20030): Parallel compilation is enabled and will use 2 of the 2 processors detected
Info (12021): Found 1 design units, including 1 entities, in source file /users/eap42/documents/ece559/project/turbo_encoder/trellis/trellshift.v
    Info (12023): Found entity 1: trellshift File: C:/Users/eap42/Documents/ECE559/Project/turbo_encoder/trellis/trellshift.v Line: 39
Info (12021): Found 1 design units, including 1 entities, in source file /users/eap42/documents/ece559/project/turbo_encoder/trellis/trellisterm.v
    Info (12023): Found entity 1: trellisterm File: C:/Users/eap42/Documents/ECE559/Project/turbo_encoder/trellis/trellisterm.v Line: 1
Info (12021): Found 1 design units, including 1 entities, in source file /users/eap42/documents/ece559/project/turbo_encoder/fsm/fsm.v
    Info (12023): Found entity 1: fsm File: C:/Users/eap42/Documents/ECE559/Project/turbo_encoder/fsm/fsm.v Line: 1
Info (12021): Found 1 design units, including 1 entities, in source file /users/eap42/documents/ece559/project/turbo_encoder/encoder/encoder.v
    Info (12023): Found entity 1: encoder File: C:/Users/eap42/Documents/ECE559/Project/turbo_encoder/encoder/encoder.v Line: 2
Info (12021): Found 1 design units, including 1 entities, in source file /users/eap42/documents/ece559/project/turbo_encoder/encoder/dffe_ref.v
    Info (12023): Found entity 1: dffe_ref File: C:/Users/eap42/Documents/ECE559/Project/turbo_encoder/encoder/dffe_ref.v Line: 1
Info (12021): Found 1 design units, including 1 entities, in source file turbo_encoder.v
    Info (12023): Found entity 1: turbo_encoder File: C:/Users/eap42/Documents/ECE559/Project/turbo_encoder/turbo_encoder/turbo_encoder.v Line: 1
Info (12127): Elaborating entity "turbo_encoder" for the top level hierarchy
Info (12128): Elaborating entity "encoder" for hierarchy "encoder:encoder1" File: C:/Users/eap42/Documents/ECE559/Project/turbo_encoder/turbo_encoder/turbo_encoder.v Line: 12
Info (12128): Elaborating entity "dffe_ref" for hierarchy "encoder:encoder1|dffe_ref:D2" File: C:/Users/eap42/Documents/ECE559/Project/turbo_encoder/encoder/encoder.v Line: 18
Info (12128): Elaborating entity "trellisterm" for hierarchy "trellisterm:termination" File: C:/Users/eap42/Documents/ECE559/Project/turbo_encoder/turbo_encoder/turbo_encoder.v Line: 15
Warning (10036): Verilog HDL or VHDL warning at trellisterm.v(7): object "alt" assigned a value but never read File: C:/Users/eap42/Documents/ECE559/Project/turbo_encoder/trellis/trellisterm.v Line: 7
Info (12128): Elaborating entity "trellshift" for hierarchy "trellisterm:termination|trellshift:shiftd0" File: C:/Users/eap42/Documents/ECE559/Project/turbo_encoder/trellis/trellisterm.v Line: 29
Info (12128): Elaborating entity "lpm_shiftreg" for hierarchy "trellisterm:termination|trellshift:shiftd0|lpm_shiftreg:LPM_SHIFTREG_component" File: C:/Users/eap42/Documents/ECE559/Project/turbo_encoder/trellis/trellshift.v Line: 70
Info (12130): Elaborated megafunction instantiation "trellisterm:termination|trellshift:shiftd0|lpm_shiftreg:LPM_SHIFTREG_component" File: C:/Users/eap42/Documents/ECE559/Project/turbo_encoder/trellis/trellshift.v Line: 70
Info (12133): Instantiated megafunction "trellisterm:termination|trellshift:shiftd0|lpm_shiftreg:LPM_SHIFTREG_component" with the following parameter: File: C:/Users/eap42/Documents/ECE559/Project/turbo_encoder/trellis/trellshift.v Line: 70
    Info (12134): Parameter "lpm_direction" = "RIGHT"
    Info (12134): Parameter "lpm_type" = "LPM_SHIFTREG"
    Info (12134): Parameter "lpm_width" = "4"
Info (12128): Elaborating entity "fsm" for hierarchy "fsm:control" File: C:/Users/eap42/Documents/ECE559/Project/turbo_encoder/turbo_encoder/turbo_encoder.v Line: 17
Warning (10230): Verilog HDL assignment warning at fsm.v(29): truncated value with size 32 to match size of target (3) File: C:/Users/eap42/Documents/ECE559/Project/turbo_encoder/fsm/fsm.v Line: 29
Warning (10230): Verilog HDL assignment warning at fsm.v(38): truncated value with size 32 to match size of target (3) File: C:/Users/eap42/Documents/ECE559/Project/turbo_encoder/fsm/fsm.v Line: 38
Warning (10230): Verilog HDL assignment warning at fsm.v(50): truncated value with size 32 to match size of target (3) File: C:/Users/eap42/Documents/ECE559/Project/turbo_encoder/fsm/fsm.v Line: 50
Warning (10230): Verilog HDL assignment warning at fsm.v(56): truncated value with size 32 to match size of target (14) File: C:/Users/eap42/Documents/ECE559/Project/turbo_encoder/fsm/fsm.v Line: 56
Warning (10230): Verilog HDL assignment warning at fsm.v(65): truncated value with size 32 to match size of target (3) File: C:/Users/eap42/Documents/ECE559/Project/turbo_encoder/fsm/fsm.v Line: 65
Warning (10230): Verilog HDL assignment warning at fsm.v(71): truncated value with size 32 to match size of target (14) File: C:/Users/eap42/Documents/ECE559/Project/turbo_encoder/fsm/fsm.v Line: 71
Warning (10230): Verilog HDL assignment warning at fsm.v(79): truncated value with size 32 to match size of target (3) File: C:/Users/eap42/Documents/ECE559/Project/turbo_encoder/fsm/fsm.v Line: 79
Info (286030): Timing-Driven Synthesis is running
Info (144001): Generated suppressed messages file C:/Users/eap42/Documents/ECE559/Project/turbo_encoder/turbo_encoder/output_files/turbo_encoder.map.smsg
Info (16010): Generating hard_block partition "hard_block:auto_generated_inst"
    Info (16011): Adding 0 node(s), including 0 DDIO, 0 PLL, 0 transceiver and 0 LCELL
Info (21057): Implemented 65 device resources after synthesis - the final resource count might be different
    Info (21058): Implemented 6 input pins
    Info (21059): Implemented 5 output pins
    Info (21061): Implemented 54 logic cells
Info: Quartus Prime Analysis & Synthesis was successful. 0 errors, 9 warnings
    Info: Peak virtual memory: 720 megabytes
    Info: Processing ended: Wed Mar 06 19:40:49 2019
    Info: Elapsed time: 00:00:17
    Info: Total CPU time (on all processors): 00:00:25


+------------------------------------------+
; Analysis & Synthesis Suppressed Messages ;
+------------------------------------------+
The suppressed messages can be found in C:/Users/eap42/Documents/ECE559/Project/turbo_encoder/turbo_encoder/output_files/turbo_encoder.map.smsg.


