------------------------------------------------------------
Timing Analyzer Summary
------------------------------------------------------------

Type  : Slow 1100mV 85C Model Setup 'clk'
Slack : -3.489
TNS   : -2227.984

Type  : Slow 1100mV 85C Model Hold 'clk'
Slack : 0.263
TNS   : 0.000

Type  : Slow 1100mV 85C Model Recovery 'clk'
Slack : -0.210
TNS   : -3.112

Type  : Slow 1100mV 85C Model Removal 'clk'
Slack : 0.652
TNS   : 0.000

Type  : Slow 1100mV 85C Model Minimum Pulse Width 'clk'
Slack : -2.636
TNS   : -2941.747

Type  : Slow 1100mV 0C Model Setup 'clk'
Slack : -3.629
TNS   : -2116.036

Type  : Slow 1100mV 0C Model Hold 'clk'
Slack : 0.248
TNS   : 0.000

Type  : Slow 1100mV 0C Model Recovery 'clk'
Slack : -0.148
TNS   : -2.140

Type  : Slow 1100mV 0C Model Removal 'clk'
Slack : 0.620
TNS   : 0.000

Type  : Slow 1100mV 0C Model Minimum Pulse Width 'clk'
Slack : -2.636
TNS   : -2952.031

Type  : Fast 1100mV 85C Model Setup 'clk'
Slack : -1.197
TNS   : -562.655

Type  : Fast 1100mV 85C Model Hold 'clk'
Slack : 0.138
TNS   : 0.000

Type  : Fast 1100mV 85C Model Recovery 'clk'
Slack : 0.458
TNS   : 0.000

Type  : Fast 1100mV 85C Model Removal 'clk'
Slack : 0.293
TNS   : 0.000

Type  : Fast 1100mV 85C Model Minimum Pulse Width 'clk'
Slack : -2.174
TNS   : -1951.773

Type  : Fast 1100mV 0C Model Setup 'clk'
Slack : -1.111
TNS   : -415.463

Type  : Fast 1100mV 0C Model Hold 'clk'
Slack : 0.125
TNS   : 0.000

Type  : Fast 1100mV 0C Model Recovery 'clk'
Slack : 0.498
TNS   : 0.000

Type  : Fast 1100mV 0C Model Removal 'clk'
Slack : 0.268
TNS   : 0.000

Type  : Fast 1100mV 0C Model Minimum Pulse Width 'clk'
Slack : -2.174
TNS   : -1954.599

------------------------------------------------------------
